../Core/Src/main.c:107:6:PCA9685_set_bit	1
../Core/Src/main.c:120:6:PCA9685_set_pwm_freq	3
../Core/Src/main.c:134:6:PCA9685_init	1
../Core/Src/main.c:145:6:PCA9685_set_pwm	1
../Core/Src/main.c:159:6:PCA9685_set_servo_angle	1
../Core/Src/main.c:166:9:ADC_to_angle	2
../Core/Src/main.c:175:6:update_servos	2
../Core/Src/main.c:189:5:main	1
../Core/Src/main.c:243:6:SystemClock_Config	3
../Core/Src/main.c:290:13:MX_ADC1_Init	7
../Core/Src/main.c:378:13:MX_I2C1_Init	2
../Core/Src/main.c:412:13:MX_USART2_UART_Init	2
../Core/Src/main.c:443:13:MX_DMA_Init	1
../Core/Src/main.c:461:13:MX_GPIO_Init	1
../Core/Src/main.c:504:6:Error_Handler	1
