../Core/Src/main.c:96:6:PCA9685_set_bit	40	static
../Core/Src/main.c:109:6:PCA9685_set_pwm_freq	40	static
../Core/Src/main.c:123:6:PCA9685_init	16	static
../Core/Src/main.c:134:6:PCA9685_set_pwm	40	static
../Core/Src/main.c:148:6:PCA9685_set_servo_angle	24	static
../Core/Src/main.c:159:5:main	56	static
../Core/Src/main.c:237:6:SystemClock_Config	88	static
../Core/Src/main.c:284:13:MX_ADC1_Init	24	static
../Core/Src/main.c:336:13:MX_I2C1_Init	8	static
../Core/Src/main.c:370:13:MX_USART2_UART_Init	8	static
../Core/Src/main.c:403:13:MX_GPIO_Init	48	static
../Core/Src/main.c:445:6:Error_Handler	4	static,ignoring_inline_asm
