../Core/Src/main.c:118:6:PCA9685_set_bit	40	static
../Core/Src/main.c:131:6:PCA9685_set_pwm_freq	40	static
../Core/Src/main.c:145:6:PCA9685_init	16	static
../Core/Src/main.c:156:6:PCA9685_set_pwm	40	static
../Core/Src/main.c:170:6:PCA9685_set_servo_angle	24	static
../Core/Src/main.c:175:9:ADC_to_angle	24	static
../Core/Src/main.c:181:6:update_servos	24	static
../Core/Src/main.c:195:5:main	8	static
../Core/Src/main.c:255:6:SystemClock_Config	88	static
../Core/Src/main.c:302:13:MX_ADC1_Init	24	static
../Core/Src/main.c:390:13:MX_I2C1_Init	8	static
../Core/Src/main.c:424:13:MX_USART2_UART_Init	8	static
../Core/Src/main.c:455:13:MX_DMA_Init	16	static
../Core/Src/main.c:473:13:MX_GPIO_Init	48	static
../Core/Src/main.c:516:6:Error_Handler	4	static,ignoring_inline_asm
