../Core/Src/main.c:96:6:PCA9685_set_bit	1
../Core/Src/main.c:109:6:PCA9685_set_pwm_freq	3
../Core/Src/main.c:123:6:PCA9685_init	1
../Core/Src/main.c:134:6:PCA9685_set_pwm	1
../Core/Src/main.c:148:6:PCA9685_set_servo_angle	1
../Core/Src/main.c:159:5:main	3
../Core/Src/main.c:237:6:SystemClock_Config	3
../Core/Src/main.c:284:13:MX_ADC1_Init	3
../Core/Src/main.c:336:13:MX_I2C1_Init	2
../Core/Src/main.c:370:13:MX_USART2_UART_Init	2
../Core/Src/main.c:403:13:MX_GPIO_Init	1
../Core/Src/main.c:445:6:Error_Handler	1
